sys@jbadip01> select * from v$pwfile_users;

USERNAME             SYSDB SYSOP SYSAS SYSBA SYSDG SYSKM                        
-------------------- ----- ----- ----- ----- ----- -----                        
ACCOUNT_STATUS                                                                  
------------------------------                                                  
PASSWORD_PROFILE                                                                
--------------------------------------------------------------------------------
LAST_LOGIN                                                                      
---------------------------------------------------------------------------     
LOCK_DATE          EXPIRY_DATE                                                  
------------------ ------------------                                           
EXTERNAL_NAME                                                                   
--------------------------------------------------------------------------------
AUTHENTI COM     CON_ID                                                         
-------- --- ----------                                                         
SYS                  TRUE  TRUE  FALSE FALSE FALSE FALSE                        

USERNAME             SYSDB SYSOP SYSAS SYSBA SYSDG SYSKM                        
-------------------- ----- ----- ----- ----- ----- -----                        
ACCOUNT_STATUS                                                                  
------------------------------                                                  
PASSWORD_PROFILE                                                                
--------------------------------------------------------------------------------
LAST_LOGIN                                                                      
---------------------------------------------------------------------------     
LOCK_DATE          EXPIRY_DATE                                                  
------------------ ------------------                                           
EXTERNAL_NAME                                                                   
--------------------------------------------------------------------------------
AUTHENTI COM     CON_ID                                                         
-------- --- ----------                                                         
OPEN                                                                            

USERNAME             SYSDB SYSOP SYSAS SYSBA SYSDG SYSKM                        
-------------------- ----- ----- ----- ----- ----- -----                        
ACCOUNT_STATUS                                                                  
------------------------------                                                  
PASSWORD_PROFILE                                                                
--------------------------------------------------------------------------------
LAST_LOGIN                                                                      
---------------------------------------------------------------------------     
LOCK_DATE          EXPIRY_DATE                                                  
------------------ ------------------                                           
EXTERNAL_NAME                                                                   
--------------------------------------------------------------------------------
AUTHENTI COM     CON_ID                                                         
-------- --- ----------                                                         
                                                                                

USERNAME             SYSDB SYSOP SYSAS SYSBA SYSDG SYSKM                        
-------------------- ----- ----- ----- ----- ----- -----                        
ACCOUNT_STATUS                                                                  
------------------------------                                                  
PASSWORD_PROFILE                                                                
--------------------------------------------------------------------------------
LAST_LOGIN                                                                      
---------------------------------------------------------------------------     
LOCK_DATE          EXPIRY_DATE                                                  
------------------ ------------------                                           
EXTERNAL_NAME                                                                   
--------------------------------------------------------------------------------
AUTHENTI COM     CON_ID                                                         
-------- --- ----------                                                         
                                                                                

USERNAME             SYSDB SYSOP SYSAS SYSBA SYSDG SYSKM                        
-------------------- ----- ----- ----- ----- ----- -----                        
ACCOUNT_STATUS                                                                  
------------------------------                                                  
PASSWORD_PROFILE                                                                
--------------------------------------------------------------------------------
LAST_LOGIN                                                                      
---------------------------------------------------------------------------     
LOCK_DATE          EXPIRY_DATE                                                  
------------------ ------------------                                           
EXTERNAL_NAME                                                                   
--------------------------------------------------------------------------------
AUTHENTI COM     CON_ID                                                         
-------- --- ----------                                                         
                                                                                

USERNAME             SYSDB SYSOP SYSAS SYSBA SYSDG SYSKM                        
-------------------- ----- ----- ----- ----- ----- -----                        
ACCOUNT_STATUS                                                                  
------------------------------                                                  
PASSWORD_PROFILE                                                                
--------------------------------------------------------------------------------
LAST_LOGIN                                                                      
---------------------------------------------------------------------------     
LOCK_DATE          EXPIRY_DATE                                                  
------------------ ------------------                                           
EXTERNAL_NAME                                                                   
--------------------------------------------------------------------------------
AUTHENTI COM     CON_ID                                                         
-------- --- ----------                                                         
                                                                                

USERNAME             SYSDB SYSOP SYSAS SYSBA SYSDG SYSKM                        
-------------------- ----- ----- ----- ----- ----- -----                        
ACCOUNT_STATUS                                                                  
------------------------------                                                  
PASSWORD_PROFILE                                                                
--------------------------------------------------------------------------------
LAST_LOGIN                                                                      
---------------------------------------------------------------------------     
LOCK_DATE          EXPIRY_DATE                                                  
------------------ ------------------                                           
EXTERNAL_NAME                            